172.26.25.203 - - [21/Dec/2022:14:21:24 +0900] "POST /rwk51_boardgame_mall/JS/user/user.jsp HTTP/1.1" 200 20
172.26.11.120 - - [21/Dec/2022:14:21:24 +0900] "GET /rwk51_boardgame_mall/JS/user/infochk.js HTTP/1.1" 304 -
172.26.11.120 - - [21/Dec/2022:14:21:24 +0900] "GET /rwk51_boardgame_mall/JS/boardgame/b_infochk.js HTTP/1.1" 304 -
172.26.11.120 - - [21/Dec/2022:14:21:24 +0900] "GET /rwk51_boardgame_mall/image/boardgame.png HTTP/1.1" 304 -
172.26.11.120 - - [21/Dec/2022:14:21:24 +0900] "GET /favicon.ico HTTP/1.1" 404 818
172.26.28.131 - - [21/Dec/2022:14:21:24 +0900] "GET /rwk51_boardgame_mall/index.jsp HTTP/1.1" 200 6366
172.26.28.131 - - [21/Dec/2022:14:21:24 +0900] "GET /rwk51_boardgame_mall/image/logo.png HTTP/1.1" 200 13282
172.26.28.131 - - [21/Dec/2022:14:21:24 +0900] "GET /rwk51_boardgame_mall/JS/user/infochk.js HTTP/1.1" 200 4760
172.26.28.131 - - [21/Dec/2022:14:21:24 +0900] "GET /rwk51_boardgame_mall/JS/boardgame/b_infochk.js HTTP/1.1" 200 742
172.26.28.131 - - [21/Dec/2022:14:21:24 +0900] "GET /rwk51_boardgame_mall/image/boardgame.png HTTP/1.1" 200 277031
172.26.25.203 - - [21/Dec/2022:14:21:24 +0900] "POST /rwk51_boardgame_mall/JS/user/user.jsp HTTP/1.1" 200 20
172.26.28.131 - - [21/Dec/2022:14:21:24 +0900] "GET /favicon.ico HTTP/1.1" 404 818
172.26.25.203 - - [21/Dec/2022:14:21:24 +0900] "POST /rwk51_boardgame_mall/JS/user/user.jsp HTTP/1.1" 200 20
172.26.11.120 - - [21/Dec/2022:14:21:25 +0900] "GET /rwk51_boardgame_mall/getBoardgameList.be?currentPage=0&category=new HTTP/1.1" 200 6619
172.26.28.224 - - [21/Dec/2022:14:21:25 +0900] "GET /rwk51_boardgame_mall/com/yju/2wda/ryu/view/user/boardgameInfo.be?b_id=19 HTTP/1.1" 200 8271
172.26.11.120 - - [21/Dec/2022:14:21:25 +0900] "GET /rwk51_boardgame_mall/image/original/baseImage.jpg HTTP/1.1" 200 11294
172.25.10.123 - - [21/Dec/2022:14:21:25 +0900] "POST /rwk51_boardgame_mall/JS/user/user.jsp HTTP/1.1" 200 20
172.25.10.123 - - [21/Dec/2022:14:21:25 +0900] "POST /rwk51_boardgame_mall/JS/user/user.jsp HTTP/1.1" 200 20
172.25.5.117 - - [21/Dec/2022:14:21:25 +0900] "GET /rwk51_boardgame_mall/getBoardgameList.be?currentPage=0&category=party HTTP/1.1" 200 7003
172.26.25.203 - - [21/Dec/2022:14:21:25 +0900] "POST /rwk51_boardgame_mall/JS/user/user.jsp HTTP/1.1" 200 20
172.25.10.123 - - [21/Dec/2022:14:21:25 +0900] "POST /rwk51_boardgame_mall/JS/user/user.jsp HTTP/1.1" 200 20
172.26.25.203 - - [21/Dec/2022:14:21:25 +0900] "POST /rwk51_boardgame_mall/JS/user/user.jsp HTTP/1.1" 200 20
172.26.19.205 - - [21/Dec/2022:14:21:25 +0900] "GET /rwk51_boardgame_mall/getBoardgameList.be?currentPage=0&category=new HTTP/1.1" 200 6619
172.25.10.123 - - [21/Dec/2022:14:21:25 +0900] "POST /rwk51_boardgame_mall/JS/user/user.jsp HTTP/1.1" 200 20
172.25.10.123 - - [21/Dec/2022:14:21:25 +0900] "POST /rwk51_boardgame_mall/JS/user/user.jsp HTTP/1.1" 200 20
172.25.10.123 - - [21/Dec/2022:14:21:25 +0900] "POST /rwk51_boardgame_mall/JS/user/user.jsp HTTP/1.1" 200 20
172.25.10.123 - - [21/Dec/2022:14:21:25 +0900] "POST /rwk51_boardgame_mall/JS/user/user.jsp HTTP/1.1" 200 20
172.25.10.123 - - [21/Dec/2022:14:21:25 +0900] "POST /rwk51_boardgame_mall/JS/user/user.jsp HTTP/1.1" 200 20
172.25.10.123 - - [21/Dec/2022:14:21:25 +0900] "POST /rwk51_boardgame_mall/JS/user/user.jsp HTTP/1.1" 200 20
172.25.10.123 - - [21/Dec/2022:14:21:25 +0900] "POST /rwk51_boardgame_mall/JS/user/user.jsp HTTP/1.1" 200 20
172.25.10.123 - - [21/Dec/2022:14:21:25 +0900] "POST /rwk51_boardgame_mall/JS/user/user.jsp HTTP/1.1" 200 20
172.25.10.123 - - [21/Dec/2022:14:21:25 +0900] "POST /rwk51_boardgame_mall/JS/user/user.jsp HTTP/1.1" 200 20
172.26.25.203 - - [21/Dec/2022:14:21:25 +0900] "POST /rwk51_boardgame_mall/JS/user/user.jsp HTTP/1.1" 200 20
172.25.10.123 - - [21/Dec/2022:14:21:25 +0900] "POST /rwk51_boardgame_mall/JS/user/user.jsp HTTP/1.1" 200 20
172.25.10.123 - - [21/Dec/2022:14:21:25 +0900] "POST /rwk51_boardgame_mall/JS/user/user.jsp HTTP/1.1" 200 20
172.25.10.123 - - [21/Dec/2022:14:21:25 +0900] "POST /rwk51_boardgame_mall/JS/user/user.jsp HTTP/1.1" 200 20
172.25.10.123 - - [21/Dec/2022:14:21:25 +0900] "POST /rwk51_boardgame_mall/JS/user/user.jsp HTTP/1.1" 200 20
172.25.10.123 - - [21/Dec/2022:14:21:25 +0900] "POST /rwk51_boardgame_mall/JS/user/user.jsp HTTP/1.1" 200 20
172.25.10.123 - - [21/Dec/2022:14:21:25 +0900] "POST /rwk51_boardgame_mall/JS/user/user.jsp HTTP/1.1" 200 20
172.25.10.123 - - [21/Dec/2022:14:21:25 +0900] "POST /rwk51_boardgame_mall/JS/user/user.jsp HTTP/1.1" 200 20
172.25.10.123 - - [21/Dec/2022:14:21:25 +0900] "POST /rwk51_boardgame_mall/JS/user/user.jsp HTTP/1.1" 200 20
172.25.10.123 - - [21/Dec/2022:14:21:25 +0900] "POST /rwk51_boardgame_mall/JS/user/user.jsp HTTP/1.1" 200 20
172.25.10.123 - - [21/Dec/2022:14:21:26 +0900] "POST /rwk51_boardgame_mall/JS/user/user.jsp HTTP/1.1" 200 20
172.25.10.123 - - [21/Dec/2022:14:21:26 +0900] "POST /rwk51_boardgame_mall/JS/user/user.jsp HTTP/1.1" 200 20
172.25.10.123 - - [21/Dec/2022:14:21:26 +0900] "POST /rwk51_boardgame_mall/JS/user/user.jsp HTTP/1.1" 200 20
172.26.11.120 - - [21/Dec/2022:14:21:26 +0900] "GET /rwk51_boardgame_mall/getBoardgameList.be?currentPage=0&category=school HTTP/1.1" 200 6628
172.25.10.123 - - [21/Dec/2022:14:21:26 +0900] "POST /rwk51_boardgame_mall/JS/user/user.jsp HTTP/1.1" 200 20
172.25.10.123 - - [21/Dec/2022:14:21:26 +0900] "POST /rwk51_boardgame_mall/JS/user/user.jsp HTTP/1.1" 200 20
172.25.10.123 - - [21/Dec/2022:14:21:26 +0900] "POST /rwk51_boardgame_mall/JS/user/user.jsp HTTP/1.1" 200 20
172.25.10.123 - - [21/Dec/2022:14:21:26 +0900] "POST /rwk51_boardgame_mall/JS/user/user.jsp HTTP/1.1" 200 20
172.26.25.203 - - [21/Dec/2022:14:21:26 +0900] "POST /rwk51_boardgame_mall/JS/user/user.jsp HTTP/1.1" 200 20
172.25.10.123 - - [21/Dec/2022:14:21:26 +0900] "POST /rwk51_boardgame_mall/JS/user/user.jsp HTTP/1.1" 200 20
172.25.10.123 - - [21/Dec/2022:14:21:26 +0900] "POST /rwk51_boardgame_mall/JS/user/user.jsp HTTP/1.1" 200 20
172.25.10.123 - - [21/Dec/2022:14:21:26 +0900] "POST /rwk51_boardgame_mall/JS/user/user.jsp HTTP/1.1" 200 20
172.25.10.123 - - [21/Dec/2022:14:21:26 +0900] "POST /rwk51_boardgame_mall/JS/user/user.jsp HTTP/1.1" 200 20
172.26.16.28 - - [21/Dec/2022:14:21:26 +0900] "POST /rwk51_boardgame_mall/JS/user/user.jsp HTTP/1.1" 200 20
172.25.10.123 - - [21/Dec/2022:14:21:26 +0900] "POST /rwk51_boardgame_mall/JS/user/user.jsp HTTP/1.1" 200 20
172.25.10.123 - - [21/Dec/2022:14:21:26 +0900] "POST /rwk51_boardgame_mall/JS/user/user.jsp HTTP/1.1" 200 20
172.25.10.123 - - [21/Dec/2022:14:21:26 +0900] "POST /rwk51_boardgame_mall/JS/user/user.jsp HTTP/1.1" 200 20
172.25.10.123 - - [21/Dec/2022:14:21:26 +0900] "POST /rwk51_boardgame_mall/JS/user/user.jsp HTTP/1.1" 200 20
172.26.25.203 - - [21/Dec/2022:14:21:26 +0900] "POST /rwk51_boardgame_mall/JS/user/user.jsp HTTP/1.1" 200 20
172.25.10.123 - - [21/Dec/2022:14:21:26 +0900] "POST /rwk51_boardgame_mall/JS/user/user.jsp HTTP/1.1" 200 20
172.25.10.123 - - [21/Dec/2022:14:21:26 +0900] "POST /rwk51_boardgame_mall/JS/user/user.jsp HTTP/1.1" 200 20
172.25.10.123 - - [21/Dec/2022:14:21:26 +0900] "POST /rwk51_boardgame_mall/JS/user/user.jsp HTTP/1.1" 200 20
172.25.10.123 - - [21/Dec/2022:14:21:26 +0900] "POST /rwk51_boardgame_mall/JS/user/user.jsp HTTP/1.1" 200 20
172.25.10.123 - - [21/Dec/2022:14:21:26 +0900] "POST /rwk51_boardgame_mall/JS/user/user.jsp HTTP/1.1" 200 20
172.26.11.120 - - [21/Dec/2022:14:21:26 +0900] "GET /rwk51_boardgame_mall/getBoardgameList.be?currentPage=0&category=best HTTP/1.1" 200 7007
172.26.25.203 - - [21/Dec/2022:14:21:26 +0900] "POST /rwk51_boardgame_mall/JS/user/user.jsp HTTP/1.1" 200 20
172.25.10.123 - - [21/Dec/2022:14:21:26 +0900] "POST /rwk51_boardgame_mall/JS/user/user.jsp HTTP/1.1" 200 20
172.25.10.123 - - [21/Dec/2022:14:21:26 +0900] "POST /rwk51_boardgame_mall/JS/user/user.jsp HTTP/1.1" 200 20
172.25.10.123 - - [21/Dec/2022:14:21:26 +0900] "POST /rwk51_boardgame_mall/JS/user/user.jsp HTTP/1.1" 200 20
172.25.10.123 - - [21/Dec/2022:14:21:26 +0900] "POST /rwk51_boardgame_mall/JS/user/user.jsp HTTP/1.1" 200 20
172.25.10.123 - - [21/Dec/2022:14:21:26 +0900] "POST /rwk51_boardgame_mall/JS/user/user.jsp HTTP/1.1" 200 20
172.26.25.203 - - [21/Dec/2022:14:21:27 +0900] "POST /rwk51_boardgame_mall/JS/user/user.jsp HTTP/1.1" 200 20
172.25.5.117 - - [21/Dec/2022:14:21:27 +0900] "GET /rwk51_boardgame_mall/boardgameInfo.be?b_id=26 HTTP/1.1" 200 8277
172.26.21.115 - - [21/Dec/2022:14:21:27 +0900] "GET /rwk51_boardgame_mall/index.jsp HTTP/1.1" 200 5787
172.26.25.203 - - [21/Dec/2022:14:21:27 +0900] "POST /rwk51_boardgame_mall/JS/user/user.jsp HTTP/1.1" 200 20
172.26.1.116 - - [21/Dec/2022:14:21:27 +0900] "POST /rwk51_boardgame_mall/JS/user/user.jsp HTTP/1.1" 200 20
172.26.20.137 - - [21/Dec/2022:14:21:27 +0900] "GET /rwk51_boardgame_mall/getBoardgameList.be?currentPage=0&category=strategy HTTP/1.1" 200 8134
172.26.20.137 - - [21/Dec/2022:14:21:27 +0900] "GET /rwk51_boardgame_mall/image/original/baseImage.jpg HTTP/1.1" 200 11294
172.26.28.131 - - [21/Dec/2022:14:21:27 +0900] "POST /rwk51_boardgame_mall/com/yju/2wda/ryu/view/user/user_c.jsp HTTP/1.1" 200 10683
172.26.11.120 - - [21/Dec/2022:14:21:27 +0900] "GET /rwk51_boardgame_mall/getBoardgameList.be?currentPage=0&category=new HTTP/1.1" 200 6619
172.26.19.205 - - [21/Dec/2022:14:21:27 +0900] "GET /rwk51_boardgame_mall/getBoardgameList.be?currentPage=0&category=school HTTP/1.1" 200 6628
172.26.23.70 - - [21/Dec/2022:14:21:27 +0900] "POST /rwk51_boardgame_mall/JS/user/user.jsp HTTP/1.1" 200 20
172.26.20.137 - - [21/Dec/2022:14:21:27 +0900] "GET /rwk51_boardgame_mall/image/original/%EC%87%BC%ED%95%91%EB%AA%B0%EB%A1%9C%EA%B3%A0.png HTTP/1.1" 200 13282
172.26.25.203 - - [21/Dec/2022:14:21:27 +0900] "POST /rwk51_boardgame_mall/JS/user/user.jsp HTTP/1.1" 200 20
172.26.25.203 - - [21/Dec/2022:14:21:27 +0900] "POST /rwk51_boardgame_mall/JS/user/user.jsp HTTP/1.1" 200 20
172.26.25.203 - - [21/Dec/2022:14:21:28 +0900] "POST /rwk51_boardgame_mall/JS/user/user.jsp HTTP/1.1" 200 20
172.26.11.120 - - [21/Dec/2022:14:21:28 +0900] "GET /rwk51_boardgame_mall/getBoardgameList.be?currentPage=0&category=party HTTP/1.1" 200 7003
172.25.10.123 - - [21/Dec/2022:14:21:28 +0900] "POST /rwk51_boardgame_mall/JS/user/user.jsp HTTP/1.1" 200 20
172.26.25.203 - - [21/Dec/2022:14:21:28 +0900] "POST /rwk51_boardgame_mall/JS/user/user.jsp HTTP/1.1" 200 20
172.25.5.117 - - [21/Dec/2022:14:21:28 +0900] "GET /rwk51_boardgame_mall/getBoardgameList.be?currentPage=0&category=new HTTP/1.1" 200 6619
172.25.10.123 - - [21/Dec/2022:14:21:28 +0900] "POST /rwk51_boardgame_mall/JS/user/user.jsp HTTP/1.1" 200 20
172.26.25.203 - - [21/Dec/2022:14:21:28 +0900] "POST /rwk51_boardgame_mall/JS/user/user.jsp HTTP/1.1" 200 20
10.30.3.86 - - [21/Dec/2022:14:21:28 +0900] "POST /rwk51_boardgame_mall/com/yju/2wda/ryu/view/user/insertUser.be HTTP/1.1" 200 6366
172.25.10.123 - - [21/Dec/2022:14:21:28 +0900] "POST /rwk51_boardgame_mall/JS/user/user.jsp HTTP/1.1" 200 20
172.26.28.131 - - [21/Dec/2022:14:21:28 +0900] "POST /rwk51_boardgame_mall/com/yju/2wda/ryu/view/user/user_c.jsp HTTP/1.1" 200 10683
172.25.10.123 - - [21/Dec/2022:14:21:28 +0900] "POST /rwk51_boardgame_mall/JS/user/user.jsp HTTP/1.1" 200 20
172.26.25.203 - - [21/Dec/2022:14:21:28 +0900] "POST /rwk51_boardgame_mall/JS/user/user.jsp HTTP/1.1" 200 20
172.26.11.120 - - [21/Dec/2022:14:21:28 +0900] "GET /rwk51_boardgame_mall/getBoardgameList.be?currentPage=0&category=strategy HTTP/1.1" 200 8134
172.26.11.120 - - [21/Dec/2022:14:21:28 +0900] "GET /rwk51_boardgame_mall/image/original/%EC%87%BC%ED%95%91%EB%AA%B0%EB%A1%9C%EA%B3%A0.png HTTP/1.1" 200 13282
172.26.28.131 - - [21/Dec/2022:14:21:29 +0900] "POST /rwk51_boardgame_mall/com/yju/2wda/ryu/view/user/user_c.jsp HTTP/1.1" 200 10683
172.26.28.131 - - [21/Dec/2022:14:21:29 +0900] "POST /rwk51_boardgame_mall/com/yju/2wda/ryu/view/user/user_c.jsp HTTP/1.1" 200 10683
172.26.11.120 - - [21/Dec/2022:14:21:29 +0900] "GET /rwk51_boardgame_mall/index.jsp HTTP/1.1" 200 6366
172.25.10.123 - - [21/Dec/2022:14:21:29 +0900] "POST /rwk51_boardgame_mall/JS/user/user.jsp HTTP/1.1" 200 20
172.25.10.123 - - [21/Dec/2022:14:21:29 +0900] "POST /rwk51_boardgame_mall/JS/user/user.jsp HTTP/1.1" 200 20
172.25.10.123 - - [21/Dec/2022:14:21:29 +0900] "POST /rwk51_boardgame_mall/JS/user/user.jsp HTTP/1.1" 200 20
172.25.10.123 - - [21/Dec/2022:14:21:29 +0900] "POST /rwk51_boardgame_mall/JS/user/user.jsp HTTP/1.1" 200 20
172.26.19.205 - - [21/Dec/2022:14:21:29 +0900] "GET /rwk51_boardgame_mall/getBoardgameList.be?currentPage=0&category=first HTTP/1.1" 200 6628
172.25.10.123 - - [21/Dec/2022:14:21:29 +0900] "POST /rwk51_boardgame_mall/JS/user/user.jsp HTTP/1.1" 200 20
172.25.10.123 - - [21/Dec/2022:14:21:29 +0900] "POST /rwk51_boardgame_mall/JS/user/user.jsp HTTP/1.1" 200 20
172.25.10.123 - - [21/Dec/2022:14:21:29 +0900] "POST /rwk51_boardgame_mall/JS/user/user.jsp HTTP/1.1" 200 20
172.25.10.123 - - [21/Dec/2022:14:21:29 +0900] "POST /rwk51_boardgame_mall/JS/user/user.jsp HTTP/1.1" 200 20
172.25.10.123 - - [21/Dec/2022:14:21:29 +0900] "POST /rwk51_boardgame_mall/JS/user/user.jsp HTTP/1.1" 200 20
172.25.10.123 - - [21/Dec/2022:14:21:29 +0900] "POST /rwk51_boardgame_mall/JS/user/user.jsp HTTP/1.1" 200 20
172.25.5.117 - - [21/Dec/2022:14:21:29 +0900] "GET /rwk51_boardgame_mall/boardgameInfo.be?b_id=13 HTTP/1.1" 200 8262
172.25.10.123 - - [21/Dec/2022:14:21:30 +0900] "POST /rwk51_boardgame_mall/JS/user/user.jsp HTTP/1.1" 200 20
172.25.10.123 - - [21/Dec/2022:14:21:30 +0900] "POST /rwk51_boardgame_mall/JS/user/user.jsp HTTP/1.1" 200 20
172.25.10.123 - - [21/Dec/2022:14:21:30 +0900] "POST /rwk51_boardgame_mall/JS/user/user.jsp HTTP/1.1" 200 20
172.25.10.123 - - [21/Dec/2022:14:21:30 +0900] "POST /rwk51_boardgame_mall/JS/user/user.jsp HTTP/1.1" 200 20
172.25.10.123 - - [21/Dec/2022:14:21:30 +0900] "POST /rwk51_boardgame_mall/JS/user/user.jsp HTTP/1.1" 200 20
172.25.10.123 - - [21/Dec/2022:14:21:30 +0900] "POST /rwk51_boardgame_mall/JS/user/user.jsp HTTP/1.1" 200 20
172.25.10.123 - - [21/Dec/2022:14:21:30 +0900] "POST /rwk51_boardgame_mall/JS/user/user.jsp HTTP/1.1" 200 20
172.25.10.123 - - [21/Dec/2022:14:21:30 +0900] "POST /rwk51_boardgame_mall/JS/user/user.jsp HTTP/1.1" 200 20
172.26.1.116 - - [21/Dec/2022:14:21:30 +0900] "POST /rwk51_boardgame_mall/JS/user/user.jsp HTTP/1.1" 200 20
172.25.10.123 - - [21/Dec/2022:14:21:30 +0900] "POST /rwk51_boardgame_mall/JS/user/user.jsp HTTP/1.1" 200 20
172.25.10.123 - - [21/Dec/2022:14:21:30 +0900] "POST /rwk51_boardgame_mall/JS/user/user.jsp HTTP/1.1" 200 20
172.25.10.123 - - [21/Dec/2022:14:21:30 +0900] "POST /rwk51_boardgame_mall/JS/user/user.jsp HTTP/1.1" 200 20
172.25.10.123 - - [21/Dec/2022:14:21:30 +0900] "POST /rwk51_boardgame_mall/JS/user/user.jsp HTTP/1.1" 200 20
172.25.10.123 - - [21/Dec/2022:14:21:30 +0900] "POST /rwk51_boardgame_mall/JS/user/user.jsp HTTP/1.1" 200 20
172.25.10.123 - - [21/Dec/2022:14:21:30 +0900] "POST /rwk51_boardgame_mall/JS/user/user.jsp HTTP/1.1" 200 20
172.25.10.123 - - [21/Dec/2022:14:21:30 +0900] "POST /rwk51_boardgame_mall/JS/user/user.jsp HTTP/1.1" 200 20
172.25.10.123 - - [21/Dec/2022:14:21:30 +0900] "POST /rwk51_boardgame_mall/JS/user/user.jsp HTTP/1.1" 200 20
172.25.10.123 - - [21/Dec/2022:14:21:30 +0900] "POST /rwk51_boardgame_mall/JS/user/user.jsp HTTP/1.1" 200 20
172.26.19.205 - - [21/Dec/2022:14:21:30 +0900] "GET /rwk51_boardgame_mall/getBoardgameList.be?currentPage=0&category=best HTTP/1.1" 200 7007
172.25.10.123 - - [21/Dec/2022:14:21:30 +0900] "POST /rwk51_boardgame_mall/JS/user/user.jsp HTTP/1.1" 200 20
172.25.10.123 - - [21/Dec/2022:14:21:30 +0900] "POST /rwk51_boardgame_mall/JS/user/user.jsp HTTP/1.1" 200 20
172.25.10.123 - - [21/Dec/2022:14:21:30 +0900] "POST /rwk51_boardgame_mall/JS/user/user.jsp HTTP/1.1" 200 20
172.25.10.123 - - [21/Dec/2022:14:21:30 +0900] "POST /rwk51_boardgame_mall/JS/user/user.jsp HTTP/1.1" 200 20
172.25.5.117 - - [21/Dec/2022:14:21:30 +0900] "GET /rwk51_boardgame_mall/getBoardgameList.be?currentPage=0&category=school HTTP/1.1" 200 6628
172.26.21.115 - - [21/Dec/2022:14:21:31 +0900] "POST /rwk51_boardgame_mall/searchBoardgame.be HTTP/1.1" 200 6458
172.26.28.131 - - [21/Dec/2022:14:21:31 +0900] "POST /rwk51_boardgame_mall/com/yju/2wda/ryu/view/user/loginUser.be HTTP/1.1" 200 6453
172.25.10.123 - - [21/Dec/2022:14:21:31 +0900] "POST /rwk51_boardgame_mall/JS/user/user.jsp HTTP/1.1" 200 20
172.25.10.123 - - [21/Dec/2022:14:21:31 +0900] "POST /rwk51_boardgame_mall/JS/user/user.jsp HTTP/1.1" 200 20
172.26.7.142 - - [21/Dec/2022:14:21:31 +0900] "GET /rwk51_boardgame_mall/index.jsp HTTP/1.1" 200 6366
172.25.10.123 - - [21/Dec/2022:14:21:31 +0900] "POST /rwk51_boardgame_mall/JS/user/user.jsp HTTP/1.1" 200 20
172.25.10.123 - - [21/Dec/2022:14:21:31 +0900] "POST /rwk51_boardgame_mall/JS/user/user.jsp HTTP/1.1" 200 20
172.26.7.142 - - [21/Dec/2022:14:21:31 +0900] "GET /rwk51_boardgame_mall/image/logo.png HTTP/1.1" 200 13282
172.25.10.123 - - [21/Dec/2022:14:21:31 +0900] "POST /rwk51_boardgame_mall/JS/user/user.jsp HTTP/1.1" 200 20
172.26.7.142 - - [21/Dec/2022:14:21:31 +0900] "GET /rwk51_boardgame_mall/JS/boardgame/b_infochk.js HTTP/1.1" 200 742
172.26.7.142 - - [21/Dec/2022:14:21:31 +0900] "GET /rwk51_boardgame_mall/JS/user/infochk.js HTTP/1.1" 200 4760
172.26.7.142 - - [21/Dec/2022:14:21:31 +0900] "GET /rwk51_boardgame_mall/image/boardgame.png HTTP/1.1" 200 277031
172.25.10.123 - - [21/Dec/2022:14:21:31 +0900] "POST /rwk51_boardgame_mall/JS/user/user.jsp HTTP/1.1" 200 20
172.25.10.123 - - [21/Dec/2022:14:21:31 +0900] "POST /rwk51_boardgame_mall/JS/user/user.jsp HTTP/1.1" 200 20
172.25.10.123 - - [21/Dec/2022:14:21:31 +0900] "POST /rwk51_boardgame_mall/JS/user/user.jsp HTTP/1.1" 200 20
172.26.7.142 - - [21/Dec/2022:14:21:31 +0900] "GET /favicon.ico HTTP/1.1" 404 818
172.25.10.123 - - [21/Dec/2022:14:21:31 +0900] "POST /rwk51_boardgame_mall/JS/user/user.jsp HTTP/1.1" 200 20
172.25.10.123 - - [21/Dec/2022:14:21:32 +0900] "POST /rwk51_boardgame_mall/JS/user/user.jsp HTTP/1.1" 200 20
172.26.28.131 - - [21/Dec/2022:14:21:32 +0900] "POST /rwk51_boardgame_mall/com/yju/2wda/ryu/view/user/searchBoardgame.be HTTP/1.1" 200 10152
172.26.28.131 - - [21/Dec/2022:14:21:32 +0900] "GET /rwk51_boardgame_mall/image/original/%EC%87%BC%ED%95%91%EB%AA%B0%EB%A1%9C%EA%B3%A0.png HTTP/1.1" 200 13282
172.26.28.131 - - [21/Dec/2022:14:21:32 +0900] "GET /rwk51_boardgame_mall/image/original/baseImage.jpg HTTP/1.1" 200 11294
172.26.20.137 - - [21/Dec/2022:14:21:33 +0900] "GET /rwk51_boardgame_mall/getBoardgameList.be?currentPage=0&category=party HTTP/1.1" 200 7003
172.26.7.142 - - [21/Dec/2022:14:21:33 +0900] "POST /rwk51_boardgame_mall/com/yju/2wda/ryu/view/user/user_c.jsp HTTP/1.1" 200 10683
172.26.20.137 - - [21/Dec/2022:14:21:33 +0900] "GET /rwk51_boardgame_mall/getBoardgameList.be?currentPage=0&category=new HTTP/1.1" 200 6619
172.25.5.117 - - [21/Dec/2022:14:21:33 +0900] "POST /rwk51_boardgame_mall/searchBoardgame.be HTTP/1.1" 200 6648
172.26.28.131 - - [21/Dec/2022:14:21:33 +0900] "POST /rwk51_boardgame_mall/com/yju/2wda/ryu/view/user/user_c.jsp HTTP/1.1" 200 10683
172.26.28.131 - - [21/Dec/2022:14:21:34 +0900] "POST /rwk51_boardgame_mall/com/yju/2wda/ryu/view/user/user_c.jsp HTTP/1.1" 200 10683
172.26.28.131 - - [21/Dec/2022:14:21:34 +0900] "POST /rwk51_boardgame_mall/com/yju/2wda/ryu/view/user/user_c.jsp HTTP/1.1" 200 10683
172.26.28.131 - - [21/Dec/2022:14:21:34 +0900] "POST /rwk51_boardgame_mall/com/yju/2wda/ryu/view/user/user_c.jsp HTTP/1.1" 200 10683
172.26.20.137 - - [21/Dec/2022:14:21:34 +0900] "GET /rwk51_boardgame_mall/getBoardgameList.be?currentPage=0&category=school HTTP/1.1" 200 6628
172.26.28.131 - - [21/Dec/2022:14:21:34 +0900] "POST /rwk51_boardgame_mall/com/yju/2wda/ryu/view/user/user_c.jsp HTTP/1.1" 200 10683
172.26.28.224 - - [21/Dec/2022:14:21:35 +0900] "GET /rwk51_boardgame_mall/com/yju/2wda/ryu/view/user/boardgameInfo.be?b_id=4546 HTTP/1.1" 200 7502
172.26.20.137 - - [21/Dec/2022:14:21:35 +0900] "GET /rwk51_boardgame_mall/getBoardgameList.be?currentPage=0&category=first HTTP/1.1" 200 6628
10.30.3.86 - - [21/Dec/2022:14:21:35 +0900] "POST /rwk51_boardgame_mall/com/yju/2wda/ryu/view/user/loginUser.be HTTP/1.1" 200 5795
172.26.21.115 - - [21/Dec/2022:14:21:35 +0900] "GET /rwk51_boardgame_mall/getMyInfo.be HTTP/1.1" 200 7204
172.26.20.137 - - [21/Dec/2022:14:21:35 +0900] "GET /rwk51_boardgame_mall/getBoardgameList.be?currentPage=0&category=best HTTP/1.1" 200 7007
172.26.17.38 - - [21/Dec/2022:14:21:36 +0900] "GET /rwk51_boardgame_mall/index.jsp HTTP/1.1" 200 6366
172.26.17.38 - - [21/Dec/2022:14:21:37 +0900] "GET /rwk51_boardgame_mall/image/logo.png HTTP/1.1" 200 13282
172.25.5.117 - - [21/Dec/2022:14:21:37 +0900] "GET /rwk51_boardgame_mall/getBoardgameList.be?currentPage=0&category=party HTTP/1.1" 200 7003
172.26.17.38 - - [21/Dec/2022:14:21:37 +0900] "GET /rwk51_boardgame_mall/JS/user/infochk.js HTTP/1.1" 200 4760
172.26.17.38 - - [21/Dec/2022:14:21:37 +0900] "GET /rwk51_boardgame_mall/JS/boardgame/b_infochk.js HTTP/1.1" 200 742
172.26.17.38 - - [21/Dec/2022:14:21:37 +0900] "GET /rwk51_boardgame_mall/image/boardgame.png HTTP/1.1" 200 277031
172.26.28.224 - - [21/Dec/2022:14:21:37 +0900] "GET /rwk51_boardgame_mall/com/yju/2wda/ryu/view/user/boardgameInfo.be?b_id=aa HTTP/1.1" 200 -
10.30.3.86 - - [21/Dec/2022:14:21:37 +0900] "GET /rwk51_boardgame_mall/com/yju/2wda/ryu/view/user/getMyInfo.be HTTP/1.1" 200 7242
172.26.28.131 - - [21/Dec/2022:14:21:37 +0900] "POST /rwk51_boardgame_mall/com/yju/2wda/ryu/view/user/user_c.jsp HTTP/1.1" 200 10683
172.26.16.28 - - [21/Dec/2022:14:21:37 +0900] "POST /rwk51_boardgame_mall/JS/user/user.jsp HTTP/1.1" 200 20
172.26.17.38 - - [21/Dec/2022:14:21:37 +0900] "GET /favicon.ico HTTP/1.1" 404 818
172.26.19.205 - - [21/Dec/2022:14:21:38 +0900] "GET /rwk51_boardgame_mall/index.jsp HTTP/1.1" 200 6366
172.26.25.203 - - [21/Dec/2022:14:21:38 +0900] "POST /rwk51_boardgame_mall/JS/user/user.jsp HTTP/1.1" 200 20
172.26.16.28 - - [21/Dec/2022:14:21:38 +0900] "POST /rwk51_boardgame_mall/JS/user/user.jsp HTTP/1.1" 200 20
172.26.16.28 - - [21/Dec/2022:14:21:38 +0900] "POST /rwk51_boardgame_mall/JS/user/user.jsp HTTP/1.1" 200 20
172.25.5.117 - - [21/Dec/2022:14:21:38 +0900] "GET /rwk51_boardgame_mall/getBoardgameList.be?currentPage=0&category=school HTTP/1.1" 200 6628
172.26.16.28 - - [21/Dec/2022:14:21:38 +0900] "POST /rwk51_boardgame_mall/JS/user/user.jsp HTTP/1.1" 200 20
172.26.16.28 - - [21/Dec/2022:14:21:39 +0900] "POST /rwk51_boardgame_mall/JS/user/user.jsp HTTP/1.1" 200 20
172.26.16.28 - - [21/Dec/2022:14:21:39 +0900] "POST /rwk51_boardgame_mall/JS/user/user.jsp HTTP/1.1" 200 20
172.26.17.38 - - [21/Dec/2022:14:21:39 +0900] "GET /rwk51_boardgame_mall/getBoardgameList.be?currentPage=0&category=school HTTP/1.1" 200 6628
172.26.28.224 - - [21/Dec/2022:14:21:39 +0900] "GET /rwk51_boardgame_mall/index.jsp HTTP/1.1" 200 6366
172.26.17.38 - - [21/Dec/2022:14:21:39 +0900] "GET /rwk51_boardgame_mall/image/original/baseImage.jpg HTTP/1.1" 200 11294
172.26.21.115 - - [21/Dec/2022:14:21:39 +0900] "POST /rwk51_boardgame_mall/updateUserDisplay.be HTTP/1.1" 200 8822
172.26.23.43 - - [21/Dec/2022:14:21:40 +0900] "GET /rwk51_boardgame_mall/index.jsp HTTP/1.1" 200 6366
172.26.23.43 - - [21/Dec/2022:14:21:40 +0900] "GET /rwk51_boardgame_mall/image/logo.png HTTP/1.1" 200 13282
172.26.23.43 - - [21/Dec/2022:14:21:40 +0900] "GET /rwk51_boardgame_mall/JS/user/infochk.js HTTP/1.1" 200 4760
172.26.23.43 - - [21/Dec/2022:14:21:40 +0900] "GET /rwk51_boardgame_mall/JS/boardgame/b_infochk.js HTTP/1.1" 200 742
172.26.23.43 - - [21/Dec/2022:14:21:40 +0900] "GET /rwk51_boardgame_mall/image/boardgame.png HTTP/1.1" 200 277031
10.30.3.48 - - [21/Dec/2022:14:21:40 +0900] "POST /rwk51_boardgame_mall/JS/user/user.jsp HTTP/1.1" 200 20
10.30.3.86 - - [21/Dec/2022:14:21:40 +0900] "GET /rwk51_boardgame_mall/com/yju/2wda/ryu/view/user/getCartList.be?user_num=23 HTTP/1.1" 200 11544
172.25.5.117 - - [21/Dec/2022:14:21:40 +0900] "POST /rwk51_boardgame_mall/searchBoardgame.be HTTP/1.1" 200 7025
172.26.23.43 - - [21/Dec/2022:14:21:40 +0900] "GET /favicon.ico HTTP/1.1" 404 818
10.30.3.48 - - [21/Dec/2022:14:21:41 +0900] "POST /rwk51_boardgame_mall/JS/user/user.jsp HTTP/1.1" 200 20
10.30.3.86 - - [21/Dec/2022:14:21:41 +0900] "GET /rwk51_boardgame_mall/com/yju/2wda/ryu/view/user/getBoardgameList.be?currentPage=0&category=strategy HTTP/1.1" 200 7563
172.26.20.137 - - [21/Dec/2022:14:21:42 +0900] "GET /rwk51_boardgame_mall/index.jsp HTTP/1.1" 200 6366
172.26.28.224 - - [21/Dec/2022:14:21:42 +0900] "GET /rwk51_boardgame_mall/getBoardgameList.be?currentPage=0&category=party HTTP/1.1" 200 7003
172.26.23.43 - - [21/Dec/2022:14:21:42 +0900] "POST /rwk51_boardgame_mall/com/yju/2wda/ryu/view/user/user_c.jsp HTTP/1.1" 200 10683
172.26.17.38 - - [21/Dec/2022:14:21:42 +0900] "GET /rwk51_boardgame_mall/getBoardgameList.be?currentPage=0&category=first HTTP/1.1" 200 6628
10.30.3.86 - - [21/Dec/2022:14:21:42 +0900] "GET /rwk51_boardgame_mall/com/yju/2wda/ryu/view/user/getBoardgameList.be?currentPage=0&category=party HTTP/1.1" 200 6432
172.26.28.224 - - [21/Dec/2022:14:21:43 +0900] "GET /rwk51_boardgame_mall/boardgameInfo.be?b_id=12 HTTP/1.1" 200 8264
172.26.17.38 - - [21/Dec/2022:14:21:43 +0900] "GET /rwk51_boardgame_mall/getBoardgameList.be?currentPage=0&category=best HTTP/1.1" 200 7007
172.26.28.224 - - [21/Dec/2022:14:21:43 +0900] "GET /rwk51_boardgame_mall/getBoardgameList.be?currentPage=0&category=school HTTP/1.1" 200 6628
172.26.28.224 - - [21/Dec/2022:14:21:44 +0900] "GET /rwk51_boardgame_mall/getBoardgameList.be?currentPage=0&category=best HTTP/1.1" 200 7007
10.30.3.86 - - [21/Dec/2022:14:21:44 +0900] "GET /rwk51_boardgame_mall/com/yju/2wda/ryu/view/user/getBoardgameList.be?currentPage=0&category=new HTTP/1.1" 200 6048
172.26.17.38 - - [21/Dec/2022:14:21:44 +0900] "GET /rwk51_boardgame_mall/getBoardgameList.be?currentPage=0&category=new HTTP/1.1" 200 6619
172.26.23.43 - - [21/Dec/2022:14:21:44 +0900] "POST /rwk51_boardgame_mall/JS/user/user.jsp HTTP/1.1" 200 20
172.26.23.43 - - [21/Dec/2022:14:21:44 +0900] "POST /rwk51_boardgame_mall/JS/user/user.jsp HTTP/1.1" 200 20
172.26.23.43 - - [21/Dec/2022:14:21:44 +0900] "POST /rwk51_boardgame_mall/JS/user/user.jsp HTTP/1.1" 200 20
172.26.23.43 - - [21/Dec/2022:14:21:44 +0900] "POST /rwk51_boardgame_mall/JS/user/user.jsp HTTP/1.1" 200 20
172.25.5.117 - - [21/Dec/2022:14:21:44 +0900] "GET /rwk51_boardgame_mall/getBoardgameList.be?currentPage=0&category=best HTTP/1.1" 200 7007
172.26.17.38 - - [21/Dec/2022:14:21:44 +0900] "GET /rwk51_boardgame_mall/getBoardgameList.be?currentPage=0&category=party HTTP/1.1" 200 7003
172.26.23.43 - - [21/Dec/2022:14:21:45 +0900] "POST /rwk51_boardgame_mall/JS/user/user.jsp HTTP/1.1" 200 20
172.26.28.224 - - [21/Dec/2022:14:21:45 +0900] "GET /rwk51_boardgame_mall/boardgameInfo.be?b_id=30 HTTP/1.1" 200 8284
172.26.23.43 - - [21/Dec/2022:14:21:45 +0900] "POST /rwk51_boardgame_mall/JS/user/user.jsp HTTP/1.1" 200 20
172.26.23.43 - - [21/Dec/2022:14:21:45 +0900] "POST /rwk51_boardgame_mall/JS/user/user.jsp HTTP/1.1" 200 20
172.26.23.43 - - [21/Dec/2022:14:21:45 +0900] "POST /rwk51_boardgame_mall/JS/user/user.jsp HTTP/1.1" 200 20
10.30.3.86 - - [21/Dec/2022:14:21:45 +0900] "GET /rwk51_boardgame_mall/com/yju/2wda/ryu/view/user/getBoardgameList.be?currentPage=0&category=party HTTP/1.1" 200 6432
172.26.23.70 - - [21/Dec/2022:14:21:45 +0900] "POST /rwk51_boardgame_mall/com/yju/2wda/ryu/view/user/insertUser.be HTTP/1.1" 200 6366
172.26.23.43 - - [21/Dec/2022:14:21:46 +0900] "POST /rwk51_boardgame_mall/JS/user/user.jsp HTTP/1.1" 200 20
10.30.3.86 - - [21/Dec/2022:14:21:46 +0900] "GET /rwk51_boardgame_mall/com/yju/2wda/ryu/view/user/boardgameInfo.be?b_id=12 HTTP/1.1" 200 8596
172.26.19.205 - - [21/Dec/2022:14:21:46 +0900] "POST /rwk51_boardgame_mall/com/yju/2wda/ryu/view/user/user_c.jsp HTTP/1.1" 200 10683
172.26.17.38 - - [21/Dec/2022:14:21:47 +0900] "GET /rwk51_boardgame_mall/boardgameInfo.be?b_id=26 HTTP/1.1" 200 8277
172.26.23.43 - - [21/Dec/2022:14:21:47 +0900] "POST /rwk51_boardgame_mall/JS/user/user.jsp HTTP/1.1" 200 20
172.26.23.43 - - [21/Dec/2022:14:21:47 +0900] "POST /rwk51_boardgame_mall/JS/user/user.jsp HTTP/1.1" 200 20
172.26.23.43 - - [21/Dec/2022:14:21:47 +0900] "POST /rwk51_boardgame_mall/JS/user/user.jsp HTTP/1.1" 200 20
172.26.23.43 - - [21/Dec/2022:14:21:47 +0900] "POST /rwk51_boardgame_mall/JS/user/user.jsp HTTP/1.1" 200 20
172.26.17.38 - - [21/Dec/2022:14:21:49 +0900] "GET /rwk51_boardgame_mall/getBoardgameList.be?currentPage=0&category=strategy HTTP/1.1" 200 8134
172.26.17.38 - - [21/Dec/2022:14:21:49 +0900] "GET /rwk51_boardgame_mall/image/original/%EC%87%BC%ED%95%91%EB%AA%B0%EB%A1%9C%EA%B3%A0.png HTTP/1.1" 200 13282
172.26.17.38 - - [21/Dec/2022:14:21:49 +0900] "GET /rwk51_boardgame_mall/getBoardgameList.be?currentPage=0&category=strategy HTTP/1.1" 200 8134
10.30.3.86 - - [21/Dec/2022:14:21:50 +0900] "POST /rwk51_boardgame_mall/JS/cart/cart.jsp HTTP/1.1" 200 20
10.30.3.86 - - [21/Dec/2022:14:21:50 +0900] "POST /rwk51_boardgame_mall/com/yju/2wda/ryu/view/user/insertcart.be HTTP/1.1" 200 5795
172.26.23.43 - - [21/Dec/2022:14:21:50 +0900] "POST /rwk51_boardgame_mall/JS/user/user.jsp HTTP/1.1" 200 20
172.26.23.43 - - [21/Dec/2022:14:21:50 +0900] "POST /rwk51_boardgame_mall/JS/user/user.jsp HTTP/1.1" 200 20
172.26.17.38 - - [21/Dec/2022:14:21:50 +0900] "GET /rwk51_boardgame_mall/getBoardgameList.be?currentPage=0&category=party HTTP/1.1" 200 7003
172.26.20.137 - - [21/Dec/2022:14:21:50 +0900] "GET /rwk51_boardgame_mall/getBoardgameList.be?currentPage=0&category=new HTTP/1.1" 200 6619
172.26.23.43 - - [21/Dec/2022:14:21:50 +0900] "POST /rwk51_boardgame_mall/JS/user/user.jsp HTTP/1.1" 200 20
172.26.23.43 - - [21/Dec/2022:14:21:50 +0900] "POST /rwk51_boardgame_mall/JS/user/user.jsp HTTP/1.1" 200 20
172.26.23.43 - - [21/Dec/2022:14:21:50 +0900] "POST /rwk51_boardgame_mall/JS/user/user.jsp HTTP/1.1" 200 20
172.26.23.43 - - [21/Dec/2022:14:21:51 +0900] "POST /rwk51_boardgame_mall/JS/user/user.jsp HTTP/1.1" 200 20
172.26.23.43 - - [21/Dec/2022:14:21:51 +0900] "POST /rwk51_boardgame_mall/JS/user/user.jsp HTTP/1.1" 200 20
172.26.23.43 - - [21/Dec/2022:14:21:51 +0900] "POST /rwk51_boardgame_mall/JS/user/user.jsp HTTP/1.1" 200 20
172.26.23.43 - - [21/Dec/2022:14:21:51 +0900] "POST /rwk51_boardgame_mall/JS/user/user.jsp HTTP/1.1" 200 20
172.26.23.43 - - [21/Dec/2022:14:21:51 +0900] "POST /rwk51_boardgame_mall/JS/user/user.jsp HTTP/1.1" 200 20
172.26.23.43 - - [21/Dec/2022:14:21:51 +0900] "POST /rwk51_boardgame_mall/JS/user/user.jsp HTTP/1.1" 200 20
172.26.23.43 - - [21/Dec/2022:14:21:51 +0900] "POST /rwk51_boardgame_mall/JS/user/user.jsp HTTP/1.1" 200 20
172.26.23.43 - - [21/Dec/2022:14:21:51 +0900] "POST /rwk51_boardgame_mall/JS/user/user.jsp HTTP/1.1" 200 20
10.30.3.48 - - [21/Dec/2022:14:21:52 +0900] "POST /rwk51_boardgame_mall/JS/user/user.jsp HTTP/1.1" 200 20
10.30.3.86 - - [21/Dec/2022:14:21:52 +0900] "GET /rwk51_boardgame_mall/com/yju/2wda/ryu/view/user/getMyInfo.be HTTP/1.1" 200 7242
172.26.20.137 - - [21/Dec/2022:14:21:52 +0900] "GET /rwk51_boardgame_mall/getBoardgameList.be?currentPage=0&category=party HTTP/1.1" 200 7003
172.26.11.120 - - [21/Dec/2022:14:21:52 +0900] "GET /rwk51_boardgame_mall/getBoardgameList.be?currentPage=0&category=party HTTP/1.1" 200 7003
172.26.11.120 - - [21/Dec/2022:14:21:53 +0900] "GET /rwk51_boardgame_mall/boardgameInfo.be?b_id=12 HTTP/1.1" 200 8264
172.26.20.137 - - [21/Dec/2022:14:21:53 +0900] "GET /rwk51_boardgame_mall/getBoardgameList.be?currentPage=0&category=strategy HTTP/1.1" 200 8134
172.25.5.117 - - [21/Dec/2022:14:21:54 +0900] "GET /rwk51_boardgame_mall/index.jsp HTTP/1.1" 200 6366
10.30.3.86 - - [21/Dec/2022:14:21:54 +0900] "GET /rwk51_boardgame_mall/com/yju/2wda/ryu/view/user/getCartList.be?user_num=23 HTTP/1.1" 200 11768
172.26.7.142 - - [21/Dec/2022:14:21:54 +0900] "POST /rwk51_boardgame_mall/JS/user/user.jsp HTTP/1.1" 200 21
172.26.7.142 - - [21/Dec/2022:14:21:55 +0900] "POST /rwk51_boardgame_mall/JS/user/user.jsp HTTP/1.1" 200 20
172.26.7.142 - - [21/Dec/2022:14:21:55 +0900] "POST /rwk51_boardgame_mall/JS/user/user.jsp HTTP/1.1" 200 20
172.25.10.123 - - [21/Dec/2022:14:21:56 +0900] "POST /rwk51_boardgame_mall/JS/user/user.jsp HTTP/1.1" 200 20
172.26.7.142 - - [21/Dec/2022:14:21:56 +0900] "POST /rwk51_boardgame_mall/JS/user/user.jsp HTTP/1.1" 200 20
172.26.23.70 - - [21/Dec/2022:14:21:56 +0900] "POST /rwk51_boardgame_mall/com/yju/2wda/ryu/view/user/loginUser.be HTTP/1.1" 200 5790
172.26.7.142 - - [21/Dec/2022:14:21:56 +0900] "POST /rwk51_boardgame_mall/JS/user/user.jsp HTTP/1.1" 200 21
172.25.10.123 - - [21/Dec/2022:14:21:56 +0900] "POST /rwk51_boardgame_mall/JS/user/user.jsp HTTP/1.1" 200 20
172.26.7.142 - - [21/Dec/2022:14:21:56 +0900] "POST /rwk51_boardgame_mall/JS/user/user.jsp HTTP/1.1" 200 20
172.25.10.123 - - [21/Dec/2022:14:21:57 +0900] "POST /rwk51_boardgame_mall/JS/user/user.jsp HTTP/1.1" 200 20
172.26.7.142 - - [21/Dec/2022:14:21:57 +0900] "POST /rwk51_boardgame_mall/JS/user/user.jsp HTTP/1.1" 200 21
172.26.21.115 - - [21/Dec/2022:14:21:57 +0900] "POST /rwk51_boardgame_mall/updateUserForId.be HTTP/1.1" 200 5787
172.25.10.123 - - [21/Dec/2022:14:21:57 +0900] "POST /rwk51_boardgame_mall/JS/user/user.jsp HTTP/1.1" 200 20
172.26.7.142 - - [21/Dec/2022:14:21:57 +0900] "POST /rwk51_boardgame_mall/JS/user/user.jsp HTTP/1.1" 200 20
172.26.7.142 - - [21/Dec/2022:14:21:57 +0900] "POST /rwk51_boardgame_mall/JS/user/user.jsp HTTP/1.1" 200 20
172.25.10.123 - - [21/Dec/2022:14:21:57 +0900] "POST /rwk51_boardgame_mall/JS/user/user.jsp HTTP/1.1" 200 20
172.26.7.142 - - [21/Dec/2022:14:21:57 +0900] "POST /rwk51_boardgame_mall/JS/user/user.jsp HTTP/1.1" 200 20
172.25.10.123 - - [21/Dec/2022:14:21:57 +0900] "POST /rwk51_boardgame_mall/JS/user/user.jsp HTTP/1.1" 200 20
172.25.10.123 - - [21/Dec/2022:14:21:57 +0900] "POST /rwk51_boardgame_mall/JS/user/user.jsp HTTP/1.1" 200 20
172.26.11.120 - - [21/Dec/2022:14:21:57 +0900] "POST /rwk51_boardgame_mall/loginUser.be HTTP/1.1" 200 6453
172.26.30.96 - - [21/Dec/2022:14:21:57 +0900] "POST /rwk51_boardgame_mall/JS/user/user.jsp HTTP/1.1" 200 20
172.26.23.43 - - [21/Dec/2022:14:21:58 +0900] "POST /rwk51_boardgame_mall/JS/user/user.jsp HTTP/1.1" 200 21
172.25.10.123 - - [21/Dec/2022:14:21:59 +0900] "POST /rwk51_boardgame_mall/JS/user/user.jsp HTTP/1.1" 200 20
172.25.10.123 - - [21/Dec/2022:14:21:59 +0900] "POST /rwk51_boardgame_mall/JS/user/user.jsp HTTP/1.1" 200 20
172.25.10.123 - - [21/Dec/2022:14:21:59 +0900] "POST /rwk51_boardgame_mall/JS/user/user.jsp HTTP/1.1" 200 20
172.26.11.120 - - [21/Dec/2022:14:21:59 +0900] "POST /rwk51_boardgame_mall/com/yju/2wda/ryu/view/user/user_c.jsp HTTP/1.1" 200 10683
172.25.10.123 - - [21/Dec/2022:14:21:59 +0900] "POST /rwk51_boardgame_mall/JS/user/user.jsp HTTP/1.1" 200 20
172.25.10.123 - - [21/Dec/2022:14:21:59 +0900] "POST /rwk51_boardgame_mall/JS/user/user.jsp HTTP/1.1" 200 20
172.26.23.43 - - [21/Dec/2022:14:21:59 +0900] "POST /rwk51_boardgame_mall/JS/user/user.jsp HTTP/1.1" 200 21
172.25.10.123 - - [21/Dec/2022:14:22:00 +0900] "POST /rwk51_boardgame_mall/JS/user/user.jsp HTTP/1.1" 200 20
10.30.3.86 - - [21/Dec/2022:14:22:00 +0900] "GET /rwk51_boardgame_mall/com/yju/2wda/ryu/view/user/deleteCartForUserNum.be?user_num=23 HTTP/1.1" 200 11544
172.25.10.123 - - [21/Dec/2022:14:22:00 +0900] "POST /rwk51_boardgame_mall/JS/user/user.jsp HTTP/1.1" 200 20
172.26.21.115 - - [21/Dec/2022:14:22:00 +0900] "GET /rwk51_boardgame_mall/getMyInfo.be HTTP/1.1" 200 7160
172.25.10.123 - - [21/Dec/2022:14:22:00 +0900] "POST /rwk51_boardgame_mall/JS/user/user.jsp HTTP/1.1" 200 20
172.25.10.123 - - [21/Dec/2022:14:22:00 +0900] "POST /rwk51_boardgame_mall/JS/user/user.jsp HTTP/1.1" 200 20
172.25.10.123 - - [21/Dec/2022:14:22:00 +0900] "POST /rwk51_boardgame_mall/JS/user/user.jsp HTTP/1.1" 200 20
172.25.10.123 - - [21/Dec/2022:14:22:00 +0900] "POST /rwk51_boardgame_mall/JS/user/user.jsp HTTP/1.1" 200 20
172.25.10.123 - - [21/Dec/2022:14:22:00 +0900] "POST /rwk51_boardgame_mall/JS/user/user.jsp HTTP/1.1" 200 20
172.25.10.123 - - [21/Dec/2022:14:22:01 +0900] "POST /rwk51_boardgame_mall/JS/user/user.jsp HTTP/1.1" 200 20
172.25.10.123 - - [21/Dec/2022:14:22:01 +0900] "POST /rwk51_boardgame_mall/JS/user/user.jsp HTTP/1.1" 200 20
172.25.10.123 - - [21/Dec/2022:14:22:01 +0900] "POST /rwk51_boardgame_mall/JS/user/user.jsp HTTP/1.1" 200 20
172.25.10.123 - - [21/Dec/2022:14:22:01 +0900] "POST /rwk51_boardgame_mall/JS/user/user.jsp HTTP/1.1" 200 20
172.25.10.123 - - [21/Dec/2022:14:22:01 +0900] "POST /rwk51_boardgame_mall/JS/user/user.jsp HTTP/1.1" 200 20
172.25.10.123 - - [21/Dec/2022:14:22:01 +0900] "POST /rwk51_boardgame_mall/JS/user/user.jsp HTTP/1.1" 200 20
172.25.10.123 - - [21/Dec/2022:14:22:01 +0900] "POST /rwk51_boardgame_mall/JS/user/user.jsp HTTP/1.1" 200 20
172.26.23.43 - - [21/Dec/2022:14:22:01 +0900] "POST /rwk51_boardgame_mall/JS/user/user.jsp HTTP/1.1" 200 21
172.25.10.123 - - [21/Dec/2022:14:22:01 +0900] "POST /rwk51_boardgame_mall/JS/user/user.jsp HTTP/1.1" 200 20
172.25.10.123 - - [21/Dec/2022:14:22:01 +0900] "POST /rwk51_boardgame_mall/JS/user/user.jsp HTTP/1.1" 200 20
172.26.30.96 - - [21/Dec/2022:14:22:01 +0900] "POST /rwk51_boardgame_mall/JS/user/user.jsp HTTP/1.1" 200 20
172.25.10.123 - - [21/Dec/2022:14:22:01 +0900] "POST /rwk51_boardgame_mall/JS/user/user.jsp HTTP/1.1" 200 20
172.25.10.123 - - [21/Dec/2022:14:22:01 +0900] "POST /rwk51_boardgame_mall/JS/user/user.jsp HTTP/1.1" 200 20
172.25.10.123 - - [21/Dec/2022:14:22:01 +0900] "POST /rwk51_boardgame_mall/JS/user/user.jsp HTTP/1.1" 200 20
172.26.7.142 - - [21/Dec/2022:14:22:01 +0900] "POST /rwk51_boardgame_mall/JS/user/user.jsp HTTP/1.1" 200 20
172.26.7.142 - - [21/Dec/2022:14:22:01 +0900] "POST /rwk51_boardgame_mall/JS/user/user.jsp HTTP/1.1" 200 20
10.30.3.86 - - [21/Dec/2022:14:22:01 +0900] "GET /rwk51_boardgame_mall/com/yju/2wda/ryu/view/user/deleteCartForUserNum.be?user_num=23 HTTP/1.1" 200 11544
172.26.7.142 - - [21/Dec/2022:14:22:01 +0900] "POST /rwk51_boardgame_mall/JS/user/user.jsp HTTP/1.1" 200 20
172.25.10.123 - - [21/Dec/2022:14:22:01 +0900] "POST /rwk51_boardgame_mall/JS/user/user.jsp HTTP/1.1" 200 20
172.25.10.123 - - [21/Dec/2022:14:22:01 +0900] "POST /rwk51_boardgame_mall/JS/user/user.jsp HTTP/1.1" 200 20
172.25.10.123 - - [21/Dec/2022:14:22:01 +0900] "POST /rwk51_boardgame_mall/JS/user/user.jsp HTTP/1.1" 200 20
172.25.10.123 - - [21/Dec/2022:14:22:01 +0900] "POST /rwk51_boardgame_mall/JS/user/user.jsp HTTP/1.1" 200 20
172.26.23.43 - - [21/Dec/2022:14:22:01 +0900] "POST /rwk51_boardgame_mall/JS/user/user.jsp HTTP/1.1" 200 20
172.26.7.142 - - [21/Dec/2022:14:22:02 +0900] "POST /rwk51_boardgame_mall/JS/user/user.jsp HTTP/1.1" 200 20
10.30.3.86 - - [21/Dec/2022:14:22:02 +0900] "GET /rwk51_boardgame_mall/com/yju/2wda/ryu/view/user/getBoardgameList.be?currentPage=0&category=new HTTP/1.1" 200 6048
172.26.7.142 - - [21/Dec/2022:14:22:02 +0900] "POST /rwk51_boardgame_mall/JS/user/user.jsp HTTP/1.1" 200 20
172.26.7.142 - - [21/Dec/2022:14:22:02 +0900] "POST /rwk51_boardgame_mall/JS/user/user.jsp HTTP/1.1" 200 20
172.26.7.142 - - [21/Dec/2022:14:22:02 +0900] "POST /rwk51_boardgame_mall/JS/user/user.jsp HTTP/1.1" 200 20
172.26.21.115 - - [21/Dec/2022:14:22:02 +0900] "POST /rwk51_boardgame_mall/updateUserDisplay.be HTTP/1.1" 200 8822
172.26.7.142 - - [21/Dec/2022:14:22:02 +0900] "POST /rwk51_boardgame_mall/JS/user/user.jsp HTTP/1.1" 200 20
172.26.7.142 - - [21/Dec/2022:14:22:02 +0900] "POST /rwk51_boardgame_mall/JS/user/user.jsp HTTP/1.1" 200 20
10.30.3.86 - - [21/Dec/2022:14:22:02 +0900] "GET /rwk51_boardgame_mall/com/yju/2wda/ryu/view/user/getBoardgameList.be?currentPage=0&category=school HTTP/1.1" 200 6057
172.26.7.142 - - [21/Dec/2022:14:22:02 +0900] "POST /rwk51_boardgame_mall/JS/user/user.jsp HTTP/1.1" 200 20
172.26.7.142 - - [21/Dec/2022:14:22:03 +0900] "POST /rwk51_boardgame_mall/JS/user/user.jsp HTTP/1.1" 200 20
172.26.23.70 - - [21/Dec/2022:14:22:03 +0900] "GET /rwk51_boardgame_mall/com/yju/2wda/ryu/view/user/getBoardgameList.be?currentPage=0&category=party HTTP/1.1" 200 6427
172.26.7.142 - - [21/Dec/2022:14:22:03 +0900] "POST /rwk51_boardgame_mall/JS/user/user.jsp HTTP/1.1" 200 20
172.26.23.70 - - [21/Dec/2022:14:22:03 +0900] "GET /rwk51_boardgame_mall/image/original/baseImage.jpg HTTP/1.1" 200 11294
172.26.7.142 - - [21/Dec/2022:14:22:03 +0900] "POST /rwk51_boardgame_mall/JS/user/user.jsp HTTP/1.1" 200 20
10.30.3.86 - - [21/Dec/2022:14:22:03 +0900] "GET /rwk51_boardgame_mall/com/yju/2wda/ryu/view/user/getBoardgameList.be?currentPage=0&category=best HTTP/1.1" 200 6436
10.30.3.86 - - [21/Dec/2022:14:22:04 +0900] "GET /rwk51_boardgame_mall/com/yju/2wda/ryu/view/user/getBoardgameList.be?currentPage=0&category=party HTTP/1.1" 200 6432
10.30.3.48 - - [21/Dec/2022:14:22:05 +0900] "POST /rwk51_boardgame_mall/com/yju/2wda/ryu/view/user/insertUser.be HTTP/1.1" 200 6366
10.30.3.86 - - [21/Dec/2022:14:22:05 +0900] "GET /rwk51_boardgame_mall/com/yju/2wda/ryu/view/user/getBoardgameList.be?currentPage=0&category=strategy HTTP/1.1" 200 7563
172.26.23.70 - - [21/Dec/2022:14:22:05 +0900] "GET /rwk51_boardgame_mall/com/yju/2wda/ryu/view/user/boardgameInfo.be?b_id=26 HTTP/1.1" 200 8609
172.26.7.142 - - [21/Dec/2022:14:22:07 +0900] "POST /rwk51_boardgame_mall/JS/user/user.jsp HTTP/1.1" 200 20
172.25.10.123 - - [21/Dec/2022:14:22:08 +0900] "POST /rwk51_boardgame_mall/JS/user/user.jsp HTTP/1.1" 200 20
10.30.3.86 - - [21/Dec/2022:14:22:08 +0900] "POST /rwk51_boardgame_mall/com/yju/2wda/ryu/view/user/searchBoardgame.be HTTP/1.1" 200 5702
172.26.11.120 - - [21/Dec/2022:14:22:09 +0900] "GET /rwk51_boardgame_mall/index.jsp HTTP/1.1" 200 6366
172.26.21.115 - - [21/Dec/2022:14:22:10 +0900] "POST /rwk51_boardgame_mall/updateUserForId.be HTTP/1.1" 200 5787
172.26.11.120 - - [21/Dec/2022:14:22:11 +0900] "GET /rwk51_boardgame_mall/getBoardgameList.be?currentPage=0&category=first HTTP/1.1" 200 6628
10.30.3.86 - - [21/Dec/2022:14:22:11 +0900] "POST /rwk51_boardgame_mall/com/yju/2wda/ryu/view/user/searchBoardgame.be HTTP/1.1" 200 6074
172.26.30.96 - - [21/Dec/2022:14:22:12 +0900] "POST /rwk51_boardgame_mall/JS/user/user.jsp HTTP/1.1" 200 20
172.26.11.120 - - [21/Dec/2022:14:22:12 +0900] "GET /rwk51_boardgame_mall/boardgameInfo.be?b_id=15 HTTP/1.1" 200 8270
172.26.23.70 - - [21/Dec/2022:14:22:12 +0900] "POST /rwk51_boardgame_mall/JS/cart/cart.jsp HTTP/1.1" 200 20
172.26.23.70 - - [21/Dec/2022:14:22:12 +0900] "POST /rwk51_boardgame_mall/com/yju/2wda/ryu/view/user/insertcart.be HTTP/1.1" 200 -
10.30.3.48 - - [21/Dec/2022:14:22:12 +0900] "POST /rwk51_boardgame_mall/com/yju/2wda/ryu/view/user/loginUser.be HTTP/1.1" 200 5787
172.26.11.120 - - [21/Dec/2022:14:22:13 +0900] "GET /rwk51_boardgame_mall/getBoardgameList.be?currentPage=0&category=new HTTP/1.1" 200 6619
172.26.11.120 - - [21/Dec/2022:14:22:14 +0900] "GET /rwk51_boardgame_mall/boardgameInfo.be?b_id=13 HTTP/1.1" 200 8262
172.26.23.43 - - [21/Dec/2022:14:22:14 +0900] "POST /rwk51_boardgame_mall/JS/user/user.jsp HTTP/1.1" 200 20
172.26.7.209 - - [21/Dec/2022:14:22:14 +0900] "GET /rwk51_boardgame_mall/index.jsp HTTP/1.1" 200 6366
172.26.7.209 - - [21/Dec/2022:14:22:14 +0900] "GET /rwk51_boardgame_mall/image/logo.png HTTP/1.1" 200 13282
172.26.7.209 - - [21/Dec/2022:14:22:14 +0900] "GET /rwk51_boardgame_mall/JS/user/infochk.js HTTP/1.1" 200 4760
172.26.30.96 - - [21/Dec/2022:14:22:15 +0900] "POST /rwk51_boardgame_mall/JS/user/user.jsp HTTP/1.1" 200 20
172.26.11.120 - - [21/Dec/2022:14:22:15 +0900] "GET /rwk51_boardgame_mall/index.jsp HTTP/1.1" 200 6366
172.26.7.209 - - [21/Dec/2022:14:22:15 +0900] "GET /rwk51_boardgame_mall/JS/boardgame/b_infochk.js HTTP/1.1" 200 742
172.26.20.137 - - [21/Dec/2022:14:22:15 +0900] "GET /rwk51_boardgame_mall/boardgameInfo.be?b_id=25 HTTP/1.1" 200 8333
172.26.7.209 - - [21/Dec/2022:14:22:15 +0900] "GET /rwk51_boardgame_mall/image/boardgame.png HTTP/1.1" 200 277031
172.26.7.209 - - [21/Dec/2022:14:22:15 +0900] "GET /favicon.ico HTTP/1.1" 404 818
172.26.23.43 - - [21/Dec/2022:14:22:17 +0900] "POST /rwk51_boardgame_mall/com/yju/2wda/ryu/view/user/insertUser.be HTTP/1.1" 200 6366
172.26.20.137 - - [21/Dec/2022:14:22:18 +0900] "GET /rwk51_boardgame_mall/getBoardgameList.be?currentPage=0&category=strategy HTTP/1.1" 200 8134
172.26.9.235 - - [21/Dec/2022:14:22:18 +0900] "POST /rwk51_boardgame_mall/JS/user/user.jsp HTTP/1.1" 200 20
172.26.7.209 - - [21/Dec/2022:14:22:18 +0900] "GET /rwk51_boardgame_mall/getBoardgameList.be?currentPage=0&category=party HTTP/1.1" 200 7003
172.26.7.209 - - [21/Dec/2022:14:22:18 +0900] "GET /rwk51_boardgame_mall/image/original/baseImage.jpg HTTP/1.1" 200 11294
172.26.16.28 - - [21/Dec/2022:14:22:18 +0900] "POST /rwk51_boardgame_mall/JS/user/user.jsp HTTP/1.1" 200 20
172.26.9.235 - - [21/Dec/2022:14:22:19 +0900] "POST /rwk51_boardgame_mall/JS/user/user.jsp HTTP/1.1" 200 20
172.26.16.28 - - [21/Dec/2022:14:22:19 +0900] "POST /rwk51_boardgame_mall/JS/user/user.jsp HTTP/1.1" 200 20
172.26.7.209 - - [21/Dec/2022:14:22:20 +0900] "GET /rwk51_boardgame_mall/getBoardgameList.be?currentPage=0&category=strategy HTTP/1.1" 200 8134
172.26.23.43 - - [21/Dec/2022:14:22:20 +0900] "POST /rwk51_boardgame_mall/com/yju/2wda/ryu/view/user/loginUser.be HTTP/1.1" 200 6453
172.26.7.209 - - [21/Dec/2022:14:22:20 +0900] "GET /rwk51_boardgame_mall/image/original/%EC%87%BC%ED%95%91%EB%AA%B0%EB%A1%9C%EA%B3%A0.png HTTP/1.1" 200 13282
10.30.3.48 - - [21/Dec/2022:14:22:20 +0900] "GET /rwk51_boardgame_mall/com/yju/2wda/ryu/view/user/getMyInfo.be HTTP/1.1" 200 7194
172.26.2.211 - - [21/Dec/2022:14:22:21 +0900] "GET /rwk51_boardgame_mall/index.jsp HTTP/1.1" 200 6366
172.26.2.211 - - [21/Dec/2022:14:22:21 +0900] "GET /rwk51_boardgame_mall/image/logo.png HTTP/1.1" 200 13282
172.26.2.211 - - [21/Dec/2022:14:22:21 +0900] "GET /rwk51_boardgame_mall/JS/user/infochk.js HTTP/1.1" 200 4760
172.26.2.211 - - [21/Dec/2022:14:22:21 +0900] "GET /rwk51_boardgame_mall/JS/boardgame/b_infochk.js HTTP/1.1" 200 742
172.26.2.211 - - [21/Dec/2022:14:22:21 +0900] "GET /rwk51_boardgame_mall/image/boardgame.png HTTP/1.1" 200 277031
172.26.20.137 - - [21/Dec/2022:14:22:21 +0900] "GET /rwk51_boardgame_mall/getBoardgameList.be?currentPage=0&category=party HTTP/1.1" 200 7003
172.26.2.211 - - [21/Dec/2022:14:22:21 +0900] "GET /favicon.ico HTTP/1.1" 404 818
172.26.7.209 - - [21/Dec/2022:14:22:22 +0900] "GET /rwk51_boardgame_mall/getBoardgameList.be?currentPage=0&category=new HTTP/1.1" 200 6619
172.26.24.168 - - [21/Dec/2022:14:22:22 +0900] "POST /rwk51_boardgame_mall/JS/user/user.jsp HTTP/1.1" 200 20
172.26.21.115 - - [21/Dec/2022:14:22:22 +0900] "GET /rwk51_boardgame_mall/getMyInfo.be HTTP/1.1" 200 7160
172.26.7.209 - - [21/Dec/2022:14:22:23 +0900] "GET /rwk51_boardgame_mall/getBoardgameList.be?currentPage=0&category=school HTTP/1.1" 200 6628
172.26.23.70 - - [21/Dec/2022:14:22:23 +0900] "GET /rwk51_boardgame_mall/index.jsp HTTP/1.1" 200 5790
172.26.20.137 - - [21/Dec/2022:14:22:23 +0900] "GET /rwk51_boardgame_mall/getBoardgameList.be?currentPage=0&category=new HTTP/1.1" 200 6619
172.26.7.209 - - [21/Dec/2022:14:22:24 +0900] "GET /rwk51_boardgame_mall/getBoardgameList.be?currentPage=0&category=best HTTP/1.1" 200 7007
172.26.23.43 - - [21/Dec/2022:14:22:24 +0900] "POST /rwk51_boardgame_mall/com/yju/2wda/ryu/view/user/loginUser.be HTTP/1.1" 200 5788
172.26.21.115 - - [21/Dec/2022:14:22:24 +0900] "POST /rwk51_boardgame_mall/updateUserDisplay.be HTTP/1.1" 200 8822
172.26.24.168 - - [21/Dec/2022:14:22:24 +0900] "POST /rwk51_boardgame_mall/JS/user/user.jsp HTTP/1.1" 200 20
172.26.28.224 - - [21/Dec/2022:14:22:24 +0900] "POST /rwk51_boardgame_mall/com/yju/2wda/ryu/view/user/user_c.jsp HTTP/1.1" 200 10683
172.26.1.116 - - [21/Dec/2022:14:22:24 +0900] "POST /rwk51_boardgame_mall/JS/user/user.jsp HTTP/1.1" 200 20
172.26.24.168 - - [21/Dec/2022:14:22:24 +0900] "POST /rwk51_boardgame_mall/JS/user/user.jsp HTTP/1.1" 200 20
172.26.20.137 - - [21/Dec/2022:14:22:25 +0900] "GET /rwk51_boardgame_mall/getBoardgameList.be?currentPage=0&category=school HTTP/1.1" 200 6628
172.26.23.70 - - [21/Dec/2022:14:22:25 +0900] "GET /rwk51_boardgame_mall/getBoardgameList.be?currentPage=0&category=party HTTP/1.1" 200 6427
172.26.24.168 - - [21/Dec/2022:14:22:25 +0900] "POST /rwk51_boardgame_mall/JS/user/user.jsp HTTP/1.1" 200 20
172.26.23.43 - - [21/Dec/2022:14:22:25 +0900] "GET /rwk51_boardgame_mall/com/yju/2wda/ryu/view/user/getBoardgameList.be?currentPage=0&category=strategy HTTP/1.1" 200 7556
172.26.20.137 - - [21/Dec/2022:14:22:25 +0900] "GET /rwk51_boardgame_mall/getBoardgameList.be?currentPage=0&category=first HTTP/1.1" 200 6628
172.26.23.43 - - [21/Dec/2022:14:22:25 +0900] "GET /rwk51_boardgame_mall/image/original/baseImage.jpg HTTP/1.1" 200 11294
172.26.23.43 - - [21/Dec/2022:14:22:25 +0900] "GET /rwk51_boardgame_mall/image/original/%EC%87%BC%ED%95%91%EB%AA%B0%EB%A1%9C%EA%B3%A0.png HTTP/1.1" 200 13282
172.26.24.168 - - [21/Dec/2022:14:22:26 +0900] "POST /rwk51_boardgame_mall/JS/user/user.jsp HTTP/1.1" 200 20
172.26.24.168 - - [21/Dec/2022:14:22:26 +0900] "POST /rwk51_boardgame_mall/JS/user/user.jsp HTTP/1.1" 200 20
172.26.16.28 - - [21/Dec/2022:14:22:26 +0900] "POST /rwk51_boardgame_mall/JS/user/user.jsp HTTP/1.1" 200 20
172.26.24.168 - - [21/Dec/2022:14:22:26 +0900] "POST /rwk51_boardgame_mall/JS/user/user.jsp HTTP/1.1" 200 20
172.26.24.168 - - [21/Dec/2022:14:22:26 +0900] "POST /rwk51_boardgame_mall/JS/user/user.jsp HTTP/1.1" 200 20
10.30.3.48 - - [21/Dec/2022:14:22:26 +0900] "POST /rwk51_boardgame_mall/com/yju/2wda/ryu/view/user/updateUserDisplay.be HTTP/1.1" 200 8822
172.26.24.168 - - [21/Dec/2022:14:22:26 +0900] "POST /rwk51_boardgame_mall/JS/user/user.jsp HTTP/1.1" 200 20
172.26.20.137 - - [21/Dec/2022:14:22:26 +0900] "GET /rwk51_boardgame_mall/index.jsp HTTP/1.1" 200 6366
172.26.28.224 - - [21/Dec/2022:14:22:26 +0900] "POST /rwk51_boardgame_mall/JS/user/user.jsp HTTP/1.1" 200 20
172.26.24.168 - - [21/Dec/2022:14:22:27 +0900] "POST /rwk51_boardgame_mall/JS/user/user.jsp HTTP/1.1" 200 20
172.26.24.168 - - [21/Dec/2022:14:22:27 +0900] "POST /rwk51_boardgame_mall/JS/user/user.jsp HTTP/1.1" 200 20
